<?xml version="1.0" encoding="UTF-8"?>
<TestRun id="f6b48719-f676-43ca-a271-eabfdc782b06" name="Administrator@MSSQLSERVER46 2021-06-10 21:02:04" runUser="MSSQLSERVER46\Administrator" xmlns="http://microsoft.com/schemas/VisualStudio/TeamTest/2006">
  <TestRunConfiguration name="Local Test Run" id="bd454a8c-6d30-410a-8ddd-a96b5ebeade3">
    <Description>This is a default test run configuration for a local test run.</Description>
    <Deployment runDeploymentRoot="C:\Users\Administrator\Desktop\projektBD\TypyDanychPrzestrzennych\TestResults\Administrator_MSSQLSERVER46 2021-06-10 21_02_04" />
    <TestTypeSpecific />
  </TestRunConfiguration>
  <ResultSummary outcome="Completed">
    <Counters total="15" executed="15" passed="15" error="0" failed="0" timeout="0" aborted="0" inconclusive="0" passedButRunAborted="0" notRunnable="0" notExecuted="0" disconnected="0" warning="0" completed="0" inProgress="0" pending="0" />
  </ResultSummary>
  <Times creation="2021-06-10T21:02:04.5320000+02:00" queuing="2021-06-10T21:02:04.9520000+02:00" start="2021-06-10T21:02:05.1050000+02:00" finish="2021-06-10T21:02:05.9100000+02:00" />
  <TestDefinitions>
    <UnitTest name="TestPointTryToInsertStringPoint" storage="c:\users\administrator\desktop\projektbd\typydanychprzestrzennych\unittests\bin\debug\unittests.dll" id="492bf524-eb88-44a9-de43-c3705420aaec">
      <Css projectStructure="" iteration="" />
      <Owners>
        <Owner name="" />
      </Owners>
      <Execution id="2d6bf2b4-7963-41ef-98d5-7f6ae6bc6adc" />
      <TestMethod codeBase="C:\Users\Administrator\Desktop\projektBD\TypyDanychPrzestrzennych\UnitTests\bin\Debug\UnitTests.dll" adapterTypeName="Microsoft.VisualStudio.TestTools.TestTypes.Unit.UnitTestAdapter, Microsoft.VisualStudio.QualityTools.Tips.UnitTest.Adapter, Version=9.0.0.0, Culture=neutral, PublicKeyToken=b03f5f7f11d50a3a" className="UnitTests.UnitTestPoint, UnitTests" name="TestPointTryToInsertStringPoint" />
    </UnitTest>
    <UnitTest name="TestPolygonPointInsideTrue" storage="c:\users\administrator\desktop\projektbd\typydanychprzestrzennych\unittests\bin\debug\unittests.dll" id="de7815c9-23a5-53d2-144e-23053161a53b">
      <Css projectStructure="" iteration="" />
      <Owners>
        <Owner name="" />
      </Owners>
      <Execution id="a89ee97f-5225-49f4-a397-73fb5d6b9543" />
      <TestMethod codeBase="C:\Users\Administrator\Desktop\projektBD\TypyDanychPrzestrzennych\UnitTests\bin\Debug\UnitTests.dll" adapterTypeName="Microsoft.VisualStudio.TestTools.TestTypes.Unit.UnitTestAdapter, Microsoft.VisualStudio.QualityTools.Tips.UnitTest.Adapter, Version=9.0.0.0, Culture=neutral, PublicKeyToken=b03f5f7f11d50a3a" className="UnitTests.UnitTestPolygon, UnitTests" name="TestPolygonPointInsideTrue" />
    </UnitTest>
    <UnitTest name="TestPolygonInsertWithEqualVertices" storage="c:\users\administrator\desktop\projektbd\typydanychprzestrzennych\unittests\bin\debug\unittests.dll" id="c81ffe68-d7b5-35bb-3053-11d521eebbcd">
      <Css projectStructure="" iteration="" />
      <Owners>
        <Owner name="" />
      </Owners>
      <Execution id="30e15f7f-37b7-4e1c-95fa-9c079326614f" />
      <TestMethod codeBase="C:\Users\Administrator\Desktop\projektBD\TypyDanychPrzestrzennych\UnitTests\bin\Debug\UnitTests.dll" adapterTypeName="Microsoft.VisualStudio.TestTools.TestTypes.Unit.UnitTestAdapter, Microsoft.VisualStudio.QualityTools.Tips.UnitTest.Adapter, Version=9.0.0.0, Culture=neutral, PublicKeyToken=b03f5f7f11d50a3a" className="UnitTests.UnitTestPolygon, UnitTests" name="TestPolygonInsertWithEqualVertices" />
    </UnitTest>
    <UnitTest name="TestPolygonInsertStringPoint" storage="c:\users\administrator\desktop\projektbd\typydanychprzestrzennych\unittests\bin\debug\unittests.dll" id="eec8da20-ca2f-7b37-3119-b7b0733c0ee0">
      <Css projectStructure="" iteration="" />
      <Owners>
        <Owner name="" />
      </Owners>
      <Execution id="e6e6b570-c607-4a2e-8324-7e6875fd9eb8" />
      <TestMethod codeBase="C:\Users\Administrator\Desktop\projektBD\TypyDanychPrzestrzennych\UnitTests\bin\Debug\UnitTests.dll" adapterTypeName="Microsoft.VisualStudio.TestTools.TestTypes.Unit.UnitTestAdapter, Microsoft.VisualStudio.QualityTools.Tips.UnitTest.Adapter, Version=9.0.0.0, Culture=neutral, PublicKeyToken=b03f5f7f11d50a3a" className="UnitTests.UnitTestPolygon, UnitTests" name="TestPolygonInsertStringPoint" />
    </UnitTest>
    <UnitTest name="TestMethod1" storage="c:\users\administrator\desktop\projektbd\typydanychprzestrzennych\unittests\bin\debug\unittests.dll" id="7e6762ae-631c-d81b-4f7d-6b6267d1b207">
      <Css projectStructure="" iteration="" />
      <Owners>
        <Owner name="" />
      </Owners>
      <Execution id="bad85011-1135-4c30-af71-a60b892bb9b3" />
      <TestMethod codeBase="C:\Users\Administrator\Desktop\projektBD\TypyDanychPrzestrzennych\UnitTests\bin\Debug\UnitTests.dll" adapterTypeName="Microsoft.VisualStudio.TestTools.TestTypes.Unit.UnitTestAdapter, Microsoft.VisualStudio.QualityTools.Tips.UnitTest.Adapter, Version=9.0.0.0, Culture=neutral, PublicKeyToken=b03f5f7f11d50a3a" className="UnitTests.UnitTestMainApp, UnitTests" name="TestMethod1" />
    </UnitTest>
    <UnitTest name="TestPointTryToInsertDoublePoint" storage="c:\users\administrator\desktop\projektbd\typydanychprzestrzennych\unittests\bin\debug\unittests.dll" id="67cee95c-50d6-de19-7487-8089975b014f">
      <Css projectStructure="" iteration="" />
      <Owners>
        <Owner name="" />
      </Owners>
      <Execution id="b6cdad4e-1625-4a55-a68c-21ea901bab31" />
      <TestMethod codeBase="C:\Users\Administrator\Desktop\projektBD\TypyDanychPrzestrzennych\UnitTests\bin\Debug\UnitTests.dll" adapterTypeName="Microsoft.VisualStudio.TestTools.TestTypes.Unit.UnitTestAdapter, Microsoft.VisualStudio.QualityTools.Tips.UnitTest.Adapter, Version=9.0.0.0, Culture=neutral, PublicKeyToken=b03f5f7f11d50a3a" className="UnitTests.UnitTestPoint, UnitTests" name="TestPointTryToInsertDoublePoint" />
    </UnitTest>
    <UnitTest name="TestPolygonInsertTrue" storage="c:\users\administrator\desktop\projektbd\typydanychprzestrzennych\unittests\bin\debug\unittests.dll" id="e068bd32-5e90-bcfe-0b66-5a8ccc74d2c8">
      <Css projectStructure="" iteration="" />
      <Owners>
        <Owner name="" />
      </Owners>
      <Execution id="60a383bf-0ec0-4401-bf05-61b99282940e" />
      <TestMethod codeBase="C:\Users\Administrator\Desktop\projektBD\TypyDanychPrzestrzennych\UnitTests\bin\Debug\UnitTests.dll" adapterTypeName="Microsoft.VisualStudio.TestTools.TestTypes.Unit.UnitTestAdapter, Microsoft.VisualStudio.QualityTools.Tips.UnitTest.Adapter, Version=9.0.0.0, Culture=neutral, PublicKeyToken=b03f5f7f11d50a3a" className="UnitTests.UnitTestPolygon, UnitTests" name="TestPolygonInsertTrue" />
    </UnitTest>
    <UnitTest name="TestPolygonInsertWithLessThan3Vertices" storage="c:\users\administrator\desktop\projektbd\typydanychprzestrzennych\unittests\bin\debug\unittests.dll" id="050e1731-2046-3317-03db-d5380b2b1cd9">
      <Css projectStructure="" iteration="" />
      <Owners>
        <Owner name="" />
      </Owners>
      <Execution id="a81f9565-5035-48b6-820d-7d4a410cbc22" />
      <TestMethod codeBase="C:\Users\Administrator\Desktop\projektBD\TypyDanychPrzestrzennych\UnitTests\bin\Debug\UnitTests.dll" adapterTypeName="Microsoft.VisualStudio.TestTools.TestTypes.Unit.UnitTestAdapter, Microsoft.VisualStudio.QualityTools.Tips.UnitTest.Adapter, Version=9.0.0.0, Culture=neutral, PublicKeyToken=b03f5f7f11d50a3a" className="UnitTests.UnitTestPolygon, UnitTests" name="TestPolygonInsertWithLessThan3Vertices" />
    </UnitTest>
    <UnitTest name="TestPolygonPointInsideFalse" storage="c:\users\administrator\desktop\projektbd\typydanychprzestrzennych\unittests\bin\debug\unittests.dll" id="985ef17e-2711-05ba-d895-400dade4b1c8">
      <Css projectStructure="" iteration="" />
      <Owners>
        <Owner name="" />
      </Owners>
      <Execution id="56869bd6-ca4a-42ad-b1dc-f001bf1211c2" />
      <TestMethod codeBase="C:\Users\Administrator\Desktop\projektBD\TypyDanychPrzestrzennych\UnitTests\bin\Debug\UnitTests.dll" adapterTypeName="Microsoft.VisualStudio.TestTools.TestTypes.Unit.UnitTestAdapter, Microsoft.VisualStudio.QualityTools.Tips.UnitTest.Adapter, Version=9.0.0.0, Culture=neutral, PublicKeyToken=b03f5f7f11d50a3a" className="UnitTests.UnitTestPolygon, UnitTests" name="TestPolygonPointInsideFalse" />
    </UnitTest>
    <UnitTest name="TestPointDistance" storage="c:\users\administrator\desktop\projektbd\typydanychprzestrzennych\unittests\bin\debug\unittests.dll" id="5a6ad1c4-6a93-c6bb-f18e-1cd266c6467a">
      <Css projectStructure="" iteration="" />
      <Owners>
        <Owner name="" />
      </Owners>
      <Execution id="ee211eec-96a5-4547-9957-7a1087cd1082" />
      <TestMethod codeBase="C:\Users\Administrator\Desktop\projektBD\TypyDanychPrzestrzennych\UnitTests\bin\Debug\UnitTests.dll" adapterTypeName="Microsoft.VisualStudio.TestTools.TestTypes.Unit.UnitTestAdapter, Microsoft.VisualStudio.QualityTools.Tips.UnitTest.Adapter, Version=9.0.0.0, Culture=neutral, PublicKeyToken=b03f5f7f11d50a3a" className="UnitTests.UnitTestPoint, UnitTests" name="TestPointDistance" />
    </UnitTest>
    <UnitTest name="TestPointGetY" storage="c:\users\administrator\desktop\projektbd\typydanychprzestrzennych\unittests\bin\debug\unittests.dll" id="de6c7280-5b6d-7a64-dac2-7af45f52d9fc">
      <Css projectStructure="" iteration="" />
      <Owners>
        <Owner name="" />
      </Owners>
      <Execution id="53b82a77-f024-4829-9ed7-8eb215099f69" />
      <TestMethod codeBase="C:\Users\Administrator\Desktop\projektBD\TypyDanychPrzestrzennych\UnitTests\bin\Debug\UnitTests.dll" adapterTypeName="Microsoft.VisualStudio.TestTools.TestTypes.Unit.UnitTestAdapter, Microsoft.VisualStudio.QualityTools.Tips.UnitTest.Adapter, Version=9.0.0.0, Culture=neutral, PublicKeyToken=b03f5f7f11d50a3a" className="UnitTests.UnitTestPoint, UnitTests" name="TestPointGetY" />
    </UnitTest>
    <UnitTest name="TestPointGetX" storage="c:\users\administrator\desktop\projektbd\typydanychprzestrzennych\unittests\bin\debug\unittests.dll" id="a67a157d-fb04-f7be-6367-f7f83c362978">
      <Css projectStructure="" iteration="" />
      <Owners>
        <Owner name="" />
      </Owners>
      <Execution id="3725515e-e87b-4c70-b2ba-3626b0bd0e6d" />
      <TestMethod codeBase="C:\Users\Administrator\Desktop\projektBD\TypyDanychPrzestrzennych\UnitTests\bin\Debug\UnitTests.dll" adapterTypeName="Microsoft.VisualStudio.TestTools.TestTypes.Unit.UnitTestAdapter, Microsoft.VisualStudio.QualityTools.Tips.UnitTest.Adapter, Version=9.0.0.0, Culture=neutral, PublicKeyToken=b03f5f7f11d50a3a" className="UnitTests.UnitTestPoint, UnitTests" name="TestPointGetX" />
    </UnitTest>
    <UnitTest name="TestPointToString" storage="c:\users\administrator\desktop\projektbd\typydanychprzestrzennych\unittests\bin\debug\unittests.dll" id="dd4ae2ec-a044-751d-9d5f-cfcd08988655">
      <Css projectStructure="" iteration="" />
      <Owners>
        <Owner name="" />
      </Owners>
      <Execution id="aaf7d5c8-833c-4198-86db-2e6e6ac9e5d2" />
      <TestMethod codeBase="C:\Users\Administrator\Desktop\projektBD\TypyDanychPrzestrzennych\UnitTests\bin\Debug\UnitTests.dll" adapterTypeName="Microsoft.VisualStudio.TestTools.TestTypes.Unit.UnitTestAdapter, Microsoft.VisualStudio.QualityTools.Tips.UnitTest.Adapter, Version=9.0.0.0, Culture=neutral, PublicKeyToken=b03f5f7f11d50a3a" className="UnitTests.UnitTestPoint, UnitTests" name="TestPointToString" />
    </UnitTest>
    <UnitTest name="TestPolygonArea" storage="c:\users\administrator\desktop\projektbd\typydanychprzestrzennych\unittests\bin\debug\unittests.dll" id="1769bc11-4ce2-d2ae-fc39-a013ace3f943">
      <Css projectStructure="" iteration="" />
      <Owners>
        <Owner name="" />
      </Owners>
      <Execution id="924b2ed3-1ef1-40e5-924e-b459acc9ec45" />
      <TestMethod codeBase="C:\Users\Administrator\Desktop\projektBD\TypyDanychPrzestrzennych\UnitTests\bin\Debug\UnitTests.dll" adapterTypeName="Microsoft.VisualStudio.TestTools.TestTypes.Unit.UnitTestAdapter, Microsoft.VisualStudio.QualityTools.Tips.UnitTest.Adapter, Version=9.0.0.0, Culture=neutral, PublicKeyToken=b03f5f7f11d50a3a" className="UnitTests.UnitTestPolygon, UnitTests" name="TestPolygonArea" />
    </UnitTest>
    <UnitTest name="TestPolygonToString" storage="c:\users\administrator\desktop\projektbd\typydanychprzestrzennych\unittests\bin\debug\unittests.dll" id="19dab8ac-d837-b5f3-eaaa-777f86efc55b">
      <Css projectStructure="" iteration="" />
      <Owners>
        <Owner name="" />
      </Owners>
      <Execution id="1abbba13-228a-4d2b-8e88-f74e028ee04e" />
      <TestMethod codeBase="C:\Users\Administrator\Desktop\projektBD\TypyDanychPrzestrzennych\UnitTests\bin\Debug\UnitTests.dll" adapterTypeName="Microsoft.VisualStudio.TestTools.TestTypes.Unit.UnitTestAdapter, Microsoft.VisualStudio.QualityTools.Tips.UnitTest.Adapter, Version=9.0.0.0, Culture=neutral, PublicKeyToken=b03f5f7f11d50a3a" className="UnitTests.UnitTestPolygon, UnitTests" name="TestPolygonToString" />
    </UnitTest>
  </TestDefinitions>
  <TestLists>
    <TestList name="Results Not in a List" id="8c84fa94-04c1-424b-9868-57a2d4851a1d" />
    <TestList name="All Loaded Results" id="19431567-8539-422a-85d7-44ee4e166bda" />
  </TestLists>
  <TestEntries>
    <TestEntry testId="050e1731-2046-3317-03db-d5380b2b1cd9" executionId="a81f9565-5035-48b6-820d-7d4a410cbc22" testListId="8c84fa94-04c1-424b-9868-57a2d4851a1d" />
    <TestEntry testId="1769bc11-4ce2-d2ae-fc39-a013ace3f943" executionId="924b2ed3-1ef1-40e5-924e-b459acc9ec45" testListId="8c84fa94-04c1-424b-9868-57a2d4851a1d" />
    <TestEntry testId="19dab8ac-d837-b5f3-eaaa-777f86efc55b" executionId="1abbba13-228a-4d2b-8e88-f74e028ee04e" testListId="8c84fa94-04c1-424b-9868-57a2d4851a1d" />
    <TestEntry testId="492bf524-eb88-44a9-de43-c3705420aaec" executionId="2d6bf2b4-7963-41ef-98d5-7f6ae6bc6adc" testListId="8c84fa94-04c1-424b-9868-57a2d4851a1d" />
    <TestEntry testId="5a6ad1c4-6a93-c6bb-f18e-1cd266c6467a" executionId="ee211eec-96a5-4547-9957-7a1087cd1082" testListId="8c84fa94-04c1-424b-9868-57a2d4851a1d" />
    <TestEntry testId="67cee95c-50d6-de19-7487-8089975b014f" executionId="b6cdad4e-1625-4a55-a68c-21ea901bab31" testListId="8c84fa94-04c1-424b-9868-57a2d4851a1d" />
    <TestEntry testId="7e6762ae-631c-d81b-4f7d-6b6267d1b207" executionId="bad85011-1135-4c30-af71-a60b892bb9b3" testListId="8c84fa94-04c1-424b-9868-57a2d4851a1d" />
    <TestEntry testId="985ef17e-2711-05ba-d895-400dade4b1c8" executionId="56869bd6-ca4a-42ad-b1dc-f001bf1211c2" testListId="8c84fa94-04c1-424b-9868-57a2d4851a1d" />
    <TestEntry testId="a67a157d-fb04-f7be-6367-f7f83c362978" executionId="3725515e-e87b-4c70-b2ba-3626b0bd0e6d" testListId="8c84fa94-04c1-424b-9868-57a2d4851a1d" />
    <TestEntry testId="c81ffe68-d7b5-35bb-3053-11d521eebbcd" executionId="30e15f7f-37b7-4e1c-95fa-9c079326614f" testListId="8c84fa94-04c1-424b-9868-57a2d4851a1d" />
    <TestEntry testId="dd4ae2ec-a044-751d-9d5f-cfcd08988655" executionId="aaf7d5c8-833c-4198-86db-2e6e6ac9e5d2" testListId="8c84fa94-04c1-424b-9868-57a2d4851a1d" />
    <TestEntry testId="de6c7280-5b6d-7a64-dac2-7af45f52d9fc" executionId="53b82a77-f024-4829-9ed7-8eb215099f69" testListId="8c84fa94-04c1-424b-9868-57a2d4851a1d" />
    <TestEntry testId="de7815c9-23a5-53d2-144e-23053161a53b" executionId="a89ee97f-5225-49f4-a397-73fb5d6b9543" testListId="8c84fa94-04c1-424b-9868-57a2d4851a1d" />
    <TestEntry testId="e068bd32-5e90-bcfe-0b66-5a8ccc74d2c8" executionId="60a383bf-0ec0-4401-bf05-61b99282940e" testListId="8c84fa94-04c1-424b-9868-57a2d4851a1d" />
    <TestEntry testId="eec8da20-ca2f-7b37-3119-b7b0733c0ee0" executionId="e6e6b570-c607-4a2e-8324-7e6875fd9eb8" testListId="8c84fa94-04c1-424b-9868-57a2d4851a1d" />
  </TestEntries>
  <Results>
    <UnitTestResult executionId="a81f9565-5035-48b6-820d-7d4a410cbc22" testId="050e1731-2046-3317-03db-d5380b2b1cd9" testName="TestPolygonInsertWithLessThan3Vertices" computerName="MSSQLSERVER46" duration="00:00:00.0048541" startTime="2021-06-10T21:02:05.2020000+02:00" endTime="2021-06-10T21:02:05.6090000+02:00" testType="13cdc9d9-ddb5-4fa4-a97d-d965ccfc6d4b" outcome="Passed" testListId="8c84fa94-04c1-424b-9868-57a2d4851a1d">
      <Output>
        <StdOut>Test passed
A .NET Framework error occurred during execution of user-defined routine or aggregate "Polygon": 
System.ArgumentException: Invalid Polygon. You must provide &gt;= 3 vertices.
System.ArgumentException: 
   w Polygon.Parse(SqlString s)
.
The statement has been terminated.</StdOut>
      </Output>
    </UnitTestResult>
    <UnitTestResult executionId="924b2ed3-1ef1-40e5-924e-b459acc9ec45" testId="1769bc11-4ce2-d2ae-fc39-a013ace3f943" testName="TestPolygonArea" computerName="MSSQLSERVER46" duration="00:00:00.0035685" startTime="2021-06-10T21:02:05.6140000+02:00" endTime="2021-06-10T21:02:05.6220000+02:00" testType="13cdc9d9-ddb5-4fa4-a97d-d965ccfc6d4b" outcome="Passed" testListId="8c84fa94-04c1-424b-9868-57a2d4851a1d">
      <Output>
      </Output>
    </UnitTestResult>
    <UnitTestResult executionId="1abbba13-228a-4d2b-8e88-f74e028ee04e" testId="19dab8ac-d837-b5f3-eaaa-777f86efc55b" testName="TestPolygonToString" computerName="MSSQLSERVER46" duration="00:00:00.0020931" startTime="2021-06-10T21:02:05.6250000+02:00" endTime="2021-06-10T21:02:05.6290000+02:00" testType="13cdc9d9-ddb5-4fa4-a97d-d965ccfc6d4b" outcome="Passed" testListId="8c84fa94-04c1-424b-9868-57a2d4851a1d">
      <Output>
      </Output>
    </UnitTestResult>
    <UnitTestResult executionId="2d6bf2b4-7963-41ef-98d5-7f6ae6bc6adc" testId="492bf524-eb88-44a9-de43-c3705420aaec" testName="TestPointTryToInsertStringPoint" computerName="MSSQLSERVER46" duration="00:00:00.0017181" startTime="2021-06-10T21:02:05.6320000+02:00" endTime="2021-06-10T21:02:05.6410000+02:00" testType="13cdc9d9-ddb5-4fa4-a97d-d965ccfc6d4b" outcome="Passed" testListId="8c84fa94-04c1-424b-9868-57a2d4851a1d">
      <Output>
        <StdOut>Test passed
A .NET Framework error occurred during execution of user-defined routine or aggregate "Point": 
System.FormatException: Nieprawidłowy format ciągu wejściowego.
System.FormatException: 
   w System.Number.StringToNumber(String str, NumberStyles options, NumberBuffer&amp; number, NumberFormatInfo info, Boolean parseDecimal)
   w System.Number.ParseInt32(String s, NumberStyles style, NumberFormatInfo info)
   w System.Int32.Parse(String s)
   w Point.Parse(SqlString s)
.
The statement has been terminated.</StdOut>
      </Output>
    </UnitTestResult>
    <UnitTestResult executionId="ee211eec-96a5-4547-9957-7a1087cd1082" testId="5a6ad1c4-6a93-c6bb-f18e-1cd266c6467a" testName="TestPointDistance" computerName="MSSQLSERVER46" duration="00:00:00.0028630" startTime="2021-06-10T21:02:05.6440000+02:00" endTime="2021-06-10T21:02:05.6490000+02:00" testType="13cdc9d9-ddb5-4fa4-a97d-d965ccfc6d4b" outcome="Passed" testListId="8c84fa94-04c1-424b-9868-57a2d4851a1d">
      <Output>
      </Output>
    </UnitTestResult>
    <UnitTestResult executionId="b6cdad4e-1625-4a55-a68c-21ea901bab31" testId="67cee95c-50d6-de19-7487-8089975b014f" testName="TestPointTryToInsertDoublePoint" computerName="MSSQLSERVER46" duration="00:00:00.0021271" startTime="2021-06-10T21:02:05.6520000+02:00" endTime="2021-06-10T21:02:05.6580000+02:00" testType="13cdc9d9-ddb5-4fa4-a97d-d965ccfc6d4b" outcome="Passed" testListId="8c84fa94-04c1-424b-9868-57a2d4851a1d">
      <Output>
        <StdOut>Test passed
A .NET Framework error occurred during execution of user-defined routine or aggregate "Point": 
System.FormatException: Nieprawidłowy format ciągu wejściowego.
System.FormatException: 
   w System.Number.StringToNumber(String str, NumberStyles options, NumberBuffer&amp; number, NumberFormatInfo info, Boolean parseDecimal)
   w System.Number.ParseInt32(String s, NumberStyles style, NumberFormatInfo info)
   w System.Int32.Parse(String s)
   w Point.Parse(SqlString s)
.
The statement has been terminated.</StdOut>
      </Output>
    </UnitTestResult>
    <UnitTestResult executionId="bad85011-1135-4c30-af71-a60b892bb9b3" testId="7e6762ae-631c-d81b-4f7d-6b6267d1b207" testName="TestMethod1" computerName="MSSQLSERVER46" duration="00:00:00.0002857" startTime="2021-06-10T21:02:05.6600000+02:00" endTime="2021-06-10T21:02:05.6640000+02:00" testType="13cdc9d9-ddb5-4fa4-a97d-d965ccfc6d4b" outcome="Passed" testListId="8c84fa94-04c1-424b-9868-57a2d4851a1d">
      <Output>
      </Output>
    </UnitTestResult>
    <UnitTestResult executionId="56869bd6-ca4a-42ad-b1dc-f001bf1211c2" testId="985ef17e-2711-05ba-d895-400dade4b1c8" testName="TestPolygonPointInsideFalse" computerName="MSSQLSERVER46" duration="00:00:00.0040556" startTime="2021-06-10T21:02:05.6660000+02:00" endTime="2021-06-10T21:02:05.6730000+02:00" testType="13cdc9d9-ddb5-4fa4-a97d-d965ccfc6d4b" outcome="Passed" testListId="8c84fa94-04c1-424b-9868-57a2d4851a1d">
      <Output>
      </Output>
    </UnitTestResult>
    <UnitTestResult executionId="3725515e-e87b-4c70-b2ba-3626b0bd0e6d" testId="a67a157d-fb04-f7be-6367-f7f83c362978" testName="TestPointGetX" computerName="MSSQLSERVER46" duration="00:00:00.0020154" startTime="2021-06-10T21:02:05.6760000+02:00" endTime="2021-06-10T21:02:05.6800000+02:00" testType="13cdc9d9-ddb5-4fa4-a97d-d965ccfc6d4b" outcome="Passed" testListId="8c84fa94-04c1-424b-9868-57a2d4851a1d">
      <Output>
      </Output>
    </UnitTestResult>
    <UnitTestResult executionId="30e15f7f-37b7-4e1c-95fa-9c079326614f" testId="c81ffe68-d7b5-35bb-3053-11d521eebbcd" testName="TestPolygonInsertWithEqualVertices" computerName="MSSQLSERVER46" duration="00:00:00.0019941" startTime="2021-06-10T21:02:05.6830000+02:00" endTime="2021-06-10T21:02:05.6880000+02:00" testType="13cdc9d9-ddb5-4fa4-a97d-d965ccfc6d4b" outcome="Passed" testListId="8c84fa94-04c1-424b-9868-57a2d4851a1d">
      <Output>
        <StdOut>Test passed
A .NET Framework error occurred during execution of user-defined routine or aggregate "Polygon": 
System.ArgumentException: Invalid Polygon. Some vertices are equal.
System.ArgumentException: 
   w Polygon.Parse(SqlString s)
.
The statement has been terminated.</StdOut>
      </Output>
    </UnitTestResult>
    <UnitTestResult executionId="aaf7d5c8-833c-4198-86db-2e6e6ac9e5d2" testId="dd4ae2ec-a044-751d-9d5f-cfcd08988655" testName="TestPointToString" computerName="MSSQLSERVER46" duration="00:00:00.0022655" startTime="2021-06-10T21:02:05.6900000+02:00" endTime="2021-06-10T21:02:05.6950000+02:00" testType="13cdc9d9-ddb5-4fa4-a97d-d965ccfc6d4b" outcome="Passed" testListId="8c84fa94-04c1-424b-9868-57a2d4851a1d">
      <Output>
      </Output>
    </UnitTestResult>
    <UnitTestResult executionId="53b82a77-f024-4829-9ed7-8eb215099f69" testId="de6c7280-5b6d-7a64-dac2-7af45f52d9fc" testName="TestPointGetY" computerName="MSSQLSERVER46" duration="00:00:00.0021347" startTime="2021-06-10T21:02:05.6980000+02:00" endTime="2021-06-10T21:02:05.7030000+02:00" testType="13cdc9d9-ddb5-4fa4-a97d-d965ccfc6d4b" outcome="Passed" testListId="8c84fa94-04c1-424b-9868-57a2d4851a1d">
      <Output>
      </Output>
    </UnitTestResult>
    <UnitTestResult executionId="a89ee97f-5225-49f4-a397-73fb5d6b9543" testId="de7815c9-23a5-53d2-144e-23053161a53b" testName="TestPolygonPointInsideTrue" computerName="MSSQLSERVER46" duration="00:00:00.0037269" startTime="2021-06-10T21:02:05.7050000+02:00" endTime="2021-06-10T21:02:05.7120000+02:00" testType="13cdc9d9-ddb5-4fa4-a97d-d965ccfc6d4b" outcome="Passed" testListId="8c84fa94-04c1-424b-9868-57a2d4851a1d">
      <Output>
      </Output>
    </UnitTestResult>
    <UnitTestResult executionId="60a383bf-0ec0-4401-bf05-61b99282940e" testId="e068bd32-5e90-bcfe-0b66-5a8ccc74d2c8" testName="TestPolygonInsertTrue" computerName="MSSQLSERVER46" duration="00:00:00.0019269" startTime="2021-06-10T21:02:05.7140000+02:00" endTime="2021-06-10T21:02:05.7190000+02:00" testType="13cdc9d9-ddb5-4fa4-a97d-d965ccfc6d4b" outcome="Passed" testListId="8c84fa94-04c1-424b-9868-57a2d4851a1d">
      <Output>
      </Output>
    </UnitTestResult>
    <UnitTestResult executionId="e6e6b570-c607-4a2e-8324-7e6875fd9eb8" testId="eec8da20-ca2f-7b37-3119-b7b0733c0ee0" testName="TestPolygonInsertStringPoint" computerName="MSSQLSERVER46" duration="00:00:00.0015957" startTime="2021-06-10T21:02:05.7220000+02:00" endTime="2021-06-10T21:02:05.7260000+02:00" testType="13cdc9d9-ddb5-4fa4-a97d-d965ccfc6d4b" outcome="Passed" testListId="8c84fa94-04c1-424b-9868-57a2d4851a1d">
      <Output>
        <StdOut>Test passed
A .NET Framework error occurred during execution of user-defined routine or aggregate "Polygon": 
System.ArgumentException: Invalid Polygon. You must provide &gt;= 3 vertices.
System.ArgumentException: 
   w Polygon.Parse(SqlString s)
.
The statement has been terminated.</StdOut>
      </Output>
    </UnitTestResult>
  </Results>
</TestRun>